Archive member included to satisfy reference by file (symbol)

c:/st/stm32cubeide_1.10.1/stm32cubeide/plugins/com.st.stm32cube.ide.mcu.externaltools.gnu-tools-for-stm32.10.3-2021.10.win32_1.0.0.202111181127/tools/bin/../lib/gcc/arm-none-eabi/10.3.1/../../../../arm-none-eabi/lib/thumb/v7e-m+fp/hard\libc_nano.a(lib_a-errno.o)
                              ./Core/Src/syscalls.o (__errno)
c:/st/stm32cubeide_1.10.1/stm32cubeide/plugins/com.st.stm32cube.ide.mcu.externaltools.gnu-tools-for-stm32.10.3-2021.10.win32_1.0.0.202111181127/tools/bin/../lib/gcc/arm-none-eabi/10.3.1/../../../../arm-none-eabi/lib/thumb/v7e-m+fp/hard\libc_nano.a(lib_a-exit.o)
                              c:/st/stm32cubeide_1.10.1/stm32cubeide/plugins/com.st.stm32cube.ide.mcu.externaltools.gnu-tools-for-stm32.10.3-2021.10.win32_1.0.0.202111181127/tools/bin/../lib/gcc/arm-none-eabi/10.3.1/../../../../arm-none-eabi/lib/thumb/v7e-m+fp/hard/crt0.o (exit)
c:/st/stm32cubeide_1.10.1/stm32cubeide/plugins/com.st.stm32cube.ide.mcu.externaltools.gnu-tools-for-stm32.10.3-2021.10.win32_1.0.0.202111181127/tools/bin/../lib/gcc/arm-none-eabi/10.3.1/../../../../arm-none-eabi/lib/thumb/v7e-m+fp/hard\libc_nano.a(lib_a-impure.o)
                              c:/st/stm32cubeide_1.10.1/stm32cubeide/plugins/com.st.stm32cube.ide.mcu.externaltools.gnu-tools-for-stm32.10.3-2021.10.win32_1.0.0.202111181127/tools/bin/../lib/gcc/arm-none-eabi/10.3.1/../../../../arm-none-eabi/lib/thumb/v7e-m+fp/hard\libc_nano.a(lib_a-exit.o) (_global_impure_ptr)
c:/st/stm32cubeide_1.10.1/stm32cubeide/plugins/com.st.stm32cube.ide.mcu.externaltools.gnu-tools-for-stm32.10.3-2021.10.win32_1.0.0.202111181127/tools/bin/../lib/gcc/arm-none-eabi/10.3.1/../../../../arm-none-eabi/lib/thumb/v7e-m+fp/hard\libc_nano.a(lib_a-init.o)
                              c:/st/stm32cubeide_1.10.1/stm32cubeide/plugins/com.st.stm32cube.ide.mcu.externaltools.gnu-tools-for-stm32.10.3-2021.10.win32_1.0.0.202111181127/tools/bin/../lib/gcc/arm-none-eabi/10.3.1/../../../../arm-none-eabi/lib/thumb/v7e-m+fp/hard/crt0.o (__libc_init_array)
c:/st/stm32cubeide_1.10.1/stm32cubeide/plugins/com.st.stm32cube.ide.mcu.externaltools.gnu-tools-for-stm32.10.3-2021.10.win32_1.0.0.202111181127/tools/bin/../lib/gcc/arm-none-eabi/10.3.1/../../../../arm-none-eabi/lib/thumb/v7e-m+fp/hard\libc_nano.a(lib_a-memset.o)
                              c:/st/stm32cubeide_1.10.1/stm32cubeide/plugins/com.st.stm32cube.ide.mcu.externaltools.gnu-tools-for-stm32.10.3-2021.10.win32_1.0.0.202111181127/tools/bin/../lib/gcc/arm-none-eabi/10.3.1/../../../../arm-none-eabi/lib/thumb/v7e-m+fp/hard/crt0.o (memset)
c:/st/stm32cubeide_1.10.1/stm32cubeide/plugins/com.st.stm32cube.ide.mcu.externaltools.gnu-tools-for-stm32.10.3-2021.10.win32_1.0.0.202111181127/tools/bin/../lib/gcc/arm-none-eabi/10.3.1/thumb/v7e-m+fp/hard\libgcc.a(_aeabi_uldivmod.o)
                              ./Drivers/STM32F4xx_HAL_Driver/Src/stm32f4xx_hal_rcc.o (__aeabi_uldivmod)
c:/st/stm32cubeide_1.10.1/stm32cubeide/plugins/com.st.stm32cube.ide.mcu.externaltools.gnu-tools-for-stm32.10.3-2021.10.win32_1.0.0.202111181127/tools/bin/../lib/gcc/arm-none-eabi/10.3.1/thumb/v7e-m+fp/hard\libgcc.a(_udivmoddi4.o)
                              c:/st/stm32cubeide_1.10.1/stm32cubeide/plugins/com.st.stm32cube.ide.mcu.externaltools.gnu-tools-for-stm32.10.3-2021.10.win32_1.0.0.202111181127/tools/bin/../lib/gcc/arm-none-eabi/10.3.1/thumb/v7e-m+fp/hard\libgcc.a(_aeabi_uldivmod.o) (__udivmoddi4)
c:/st/stm32cubeide_1.10.1/stm32cubeide/plugins/com.st.stm32cube.ide.mcu.externaltools.gnu-tools-for-stm32.10.3-2021.10.win32_1.0.0.202111181127/tools/bin/../lib/gcc/arm-none-eabi/10.3.1/thumb/v7e-m+fp/hard\libgcc.a(_dvmd_tls.o)
                              c:/st/stm32cubeide_1.10.1/stm32cubeide/plugins/com.st.stm32cube.ide.mcu.externaltools.gnu-tools-for-stm32.10.3-2021.10.win32_1.0.0.202111181127/tools/bin/../lib/gcc/arm-none-eabi/10.3.1/thumb/v7e-m+fp/hard\libgcc.a(_aeabi_uldivmod.o) (__aeabi_ldiv0)

Discarded input sections

 .text          0x0000000000000000        0x0 c:/st/stm32cubeide_1.10.1/stm32cubeide/plugins/com.st.stm32cube.ide.mcu.externaltools.gnu-tools-for-stm32.10.3-2021.10.win32_1.0.0.202111181127/tools/bin/../lib/gcc/arm-none-eabi/10.3.1/thumb/v7e-m+fp/hard/crti.o
 .data          0x0000000000000000        0x0 c:/st/stm32cubeide_1.10.1/stm32cubeide/plugins/com.st.stm32cube.ide.mcu.externaltools.gnu-tools-for-stm32.10.3-2021.10.win32_1.0.0.202111181127/tools/bin/../lib/gcc/arm-none-eabi/10.3.1/thumb/v7e-m+fp/hard/crti.o
 .bss           0x0000000000000000        0x0 c:/st/stm32cubeide_1.10.1/stm32cubeide/plugins/com.st.stm32cube.ide.mcu.externaltools.gnu-tools-for-stm32.10.3-2021.10.win32_1.0.0.202111181127/tools/bin/../lib/gcc/arm-none-eabi/10.3.1/thumb/v7e-m+fp/hard/crti.o
[...]
Memory Configuration

Name             Origin             Length             Attributes
RAM              0x0000000020000000 0x0000000000020000 xrw
FLASH            0x0000000008000000 0x0000000000080000 xr
*default*        0x0000000000000000 0xffffffffffffffff

Linker script and memory map

LOAD c:/st/stm32cubeide_1.10.1/stm32cubeide/plugins/com.st.stm32cube.ide.mcu.externaltools.gnu-tools-for-stm32.10.3-2021.10.win32_1.0.0.202111181127/tools/bin/../lib/gcc/arm-none-eabi/10.3.1/thumb/v7e-m+fp/hard/crti.o
LOAD c:/st/stm32cubeide_1.10.1/stm32cubeide/plugins/com.st.stm32cube.ide.mcu.externaltools.gnu-tools-for-stm32.10.3-2021.10.win32_1.0.0.202111181127/tools/bin/../lib/gcc/arm-none-eabi/10.3.1/thumb/v7e-m+fp/hard/crtbegin.o
LOAD c:/st/stm32cubeide_1.10.1/stm32cubeide/plugins/com.st.stm32cube.ide.mcu.externaltools.gnu-tools-for-stm32.10.3-2021.10.win32_1.0.0.202111181127/tools/bin/../lib/gcc/arm-none-eabi/10.3.1/../../../../arm-none-eabi/lib/thumb/v7e-m+fp/hard/crt0.o
LOAD ./Core/Src/fonts.o
LOAD ./Core/Src/gpio.o
LOAD ./Core/Src/main.o
LOAD ./Core/Src/spi.o
LOAD ./Core/Src/st7735.o
LOAD ./Core/Src/stm32f4xx_hal_msp.o
LOAD ./Core/Src/stm32f4xx_it.o
LOAD ./Core/Src/syscalls.o
LOAD ./Core/Src/sysmem.o
LOAD ./Core/Src/system_stm32f4xx.o
LOAD ./Core/Startup/startup_stm32f411vetx.o
LOAD ./Drivers/STM32F4xx_HAL_Driver/Src/stm32f4xx_hal.o
LOAD ./Drivers/STM32F4xx_HAL_Driver/Src/stm32f4xx_hal_cortex.o
LOAD ./Drivers/STM32F4xx_HAL_Driver/Src/stm32f4xx_hal_dma.o
LOAD ./Drivers/STM32F4xx_HAL_Driver/Src/stm32f4xx_hal_dma_ex.o
LOAD ./Drivers/STM32F4xx_HAL_Driver/Src/stm32f4xx_hal_exti.o
LOAD ./Drivers/STM32F4xx_HAL_Driver/Src/stm32f4xx_hal_flash.o
LOAD ./Drivers/STM32F4xx_HAL_Driver/Src/stm32f4xx_hal_flash_ex.o
LOAD ./Drivers/STM32F4xx_HAL_Driver/Src/stm32f4xx_hal_flash_ramfunc.o
LOAD ./Drivers/STM32F4xx_HAL_Driver/Src/stm32f4xx_hal_gpio.o
LOAD ./Drivers/STM32F4xx_HAL_Driver/Src/stm32f4xx_hal_pwr.o
LOAD ./Drivers/STM32F4xx_HAL_Driver/Src/stm32f4xx_hal_pwr_ex.o
LOAD ./Drivers/STM32F4xx_HAL_Driver/Src/stm32f4xx_hal_rcc.o
LOAD ./Drivers/STM32F4xx_HAL_Driver/Src/stm32f4xx_hal_rcc_ex.o
LOAD ./Drivers/STM32F4xx_HAL_Driver/Src/stm32f4xx_hal_spi.o
LOAD ./Drivers/STM32F4xx_HAL_Driver/Src/stm32f4xx_hal_tim.o
LOAD ./Drivers/STM32F4xx_HAL_Driver/Src/stm32f4xx_hal_tim_ex.o
START GROUP
LOAD c:/st/stm32cubeide_1.10.1/stm32cubeide/plugins/com.st.stm32cube.ide.mcu.externaltools.gnu-tools-for-stm32.10.3-2021.10.win32_1.0.0.202111181127/tools/bin/../lib/gcc/arm-none-eabi/10.3.1/../../../../arm-none-eabi/lib/thumb/v7e-m+fp/hard\libc_nano.a
LOAD c:/st/stm32cubeide_1.10.1/stm32cubeide/plugins/com.st.stm32cube.ide.mcu.externaltools.gnu-tools-for-stm32.10.3-2021.10.win32_1.0.0.202111181127/tools/bin/../lib/gcc/arm-none-eabi/10.3.1/../../../../arm-none-eabi/lib/thumb/v7e-m+fp/hard\libm.a
END GROUP
START GROUP
LOAD c:/st/stm32cubeide_1.10.1/stm32cubeide/plugins/com.st.stm32cube.ide.mcu.externaltools.gnu-tools-for-stm32.10.3-2021.10.win32_1.0.0.202111181127/tools/bin/../lib/gcc/arm-none-eabi/10.3.1/thumb/v7e-m+fp/hard\libgcc.a
LOAD c:/st/stm32cubeide_1.10.1/stm32cubeide/plugins/com.st.stm32cube.ide.mcu.externaltools.gnu-tools-for-stm32.10.3-2021.10.win32_1.0.0.202111181127/tools/bin/../lib/gcc/arm-none-eabi/10.3.1/../../../../arm-none-eabi/lib/thumb/v7e-m+fp/hard\libc_nano.a
END GROUP
START GROUP
LOAD c:/st/stm32cubeide_1.10.1/stm32cubeide/plugins/com.st.stm32cube.ide.mcu.externaltools.gnu-tools-for-stm32.10.3-2021.10.win32_1.0.0.202111181127/tools/bin/../lib/gcc/arm-none-eabi/10.3.1/thumb/v7e-m+fp/hard\libgcc.a
LOAD c:/st/stm32cubeide_1.10.1/stm32cubeide/plugins/com.st.stm32cube.ide.mcu.externaltools.gnu-tools-for-stm32.10.3-2021.10.win32_1.0.0.202111181127/tools/bin/../lib/gcc/arm-none-eabi/10.3.1/../../../../arm-none-eabi/lib/thumb/v7e-m+fp/hard\libc_nano.a
LOAD c:/st/stm32cubeide_1.10.1/stm32cubeide/plugins/com.st.stm32cube.ide.mcu.externaltools.gnu-tools-for-stm32.10.3-2021.10.win32_1.0.0.202111181127/tools/bin/../lib/gcc/arm-none-eabi/10.3.1/../../../../arm-none-eabi/lib/thumb/v7e-m+fp/hard\libnosys.a
END GROUP
START GROUP
LOAD c:/st/stm32cubeide_1.10.1/stm32cubeide/plugins/com.st.stm32cube.ide.mcu.externaltools.gnu-tools-for-stm32.10.3-2021.10.win32_1.0.0.202111181127/tools/bin/../lib/gcc/arm-none-eabi/10.3.1/thumb/v7e-m+fp/hard\libgcc.a
LOAD c:/st/stm32cubeide_1.10.1/stm32cubeide/plugins/com.st.stm32cube.ide.mcu.externaltools.gnu-tools-for-stm32.10.3-2021.10.win32_1.0.0.202111181127/tools/bin/../lib/gcc/arm-none-eabi/10.3.1/../../../../arm-none-eabi/lib/thumb/v7e-m+fp/hard\libc_nano.a
LOAD c:/st/stm32cubeide_1.10.1/stm32cubeide/plugins/com.st.stm32cube.ide.mcu.externaltools.gnu-tools-for-stm32.10.3-2021.10.win32_1.0.0.202111181127/tools/bin/../lib/gcc/arm-none-eabi/10.3.1/../../../../arm-none-eabi/lib/thumb/v7e-m+fp/hard\libnosys.a
END GROUP
LOAD c:/st/stm32cubeide_1.10.1/stm32cubeide/plugins/com.st.stm32cube.ide.mcu.externaltools.gnu-tools-for-stm32.10.3-2021.10.win32_1.0.0.202111181127/tools/bin/../lib/gcc/arm-none-eabi/10.3.1/thumb/v7e-m+fp/hard/crtend.o
LOAD c:/st/stm32cubeide_1.10.1/stm32cubeide/plugins/com.st.stm32cube.ide.mcu.externaltools.gnu-tools-for-stm32.10.3-2021.10.win32_1.0.0.202111181127/tools/bin/../lib/gcc/arm-none-eabi/10.3.1/thumb/v7e-m+fp/hard/crtn.o
                0x0000000020020000                _estack = (ORIGIN (RAM) + LENGTH (RAM))
                0x0000000000000200                _Min_Heap_Size = 0x200
                0x0000000000000400                _Min_Stack_Size = 0x400

.isr_vector     0x0000000008000000      0x198
                0x0000000008000000                . = ALIGN (0x4)
 *(.isr_vector)
 .isr_vector    0x0000000008000000      0x198 ./Core/Startup/startup_stm32f411vetx.o
                0x0000000008000000                g_pfnVectors
                0x0000000008000198                . = ALIGN (0x4)

.text           0x0000000008000198     0x2428
                0x0000000008000198                . = ALIGN (0x4)
 *(.text)
 .text          0x0000000008000198       0x40 c:/st/stm32cubeide_1.10.1/stm32cubeide/plugins/com.st.stm32cube.ide.mcu.externaltools.gnu-tools-for-stm32.10.3-2021.10.win32_1.0.0.202111181127/tools/bin/../lib/gcc/arm-none-eabi/10.3.1/thumb/v7e-m+fp/hard/crtbegin.o
 .text          0x00000000080001d8       0x30 c:/st/stm32cubeide_1.10.1/stm32cubeide/plugins/com.st.stm32cube.ide.mcu.externaltools.gnu-tools-for-stm32.10.3-2021.10.win32_1.0.0.202111181127/tools/bin/../lib/gcc/arm-none-eabi/10.3.1/thumb/v7e-m+fp/hard\libgcc.a(_aeabi_uldivmod.o)
                0x00000000080001d8                __aeabi_uldivmod
 .text          0x0000000008000208      0x2d0 c:/st/stm32cubeide_1.10.1/stm32cubeide/plugins/com.st.stm32cube.ide.mcu.externaltools.gnu-tools-for-stm32.10.3-2021.10.win32_1.0.0.202111181127/tools/bin/../lib/gcc/arm-none-eabi/10.3.1/thumb/v7e-m+fp/hard\libgcc.a(_udivmoddi4.o)
                0x0000000008000208                __udivmoddi4
 .text          0x00000000080004d8        0x4 c:/st/stm32cubeide_1.10.1/stm32cubeide/plugins/com.st.stm32cube.ide.mcu.externaltools.gnu-tools-for-stm32.10.3-2021.10.win32_1.0.0.202111181127/tools/bin/../lib/gcc/arm-none-eabi/10.3.1/thumb/v7e-m+fp/hard\libgcc.a(_dvmd_tls.o)
                0x00000000080004d8                __aeabi_idiv0
                0x00000000080004d8                __aeabi_ldiv0
 *(.text*)
 .text.MX_GPIO_Init
                0x00000000080004dc       0x68 ./Core/Src/gpio.o
                0x00000000080004dc                MX_GPIO_Init
 .text.main     0x0000000008000544       0x74 ./Core/Src/main.o
                0x0000000008000544                main
 .text.SystemClock_Config
                0x00000000080005b8       0xd0 ./Core/Src/main.o
                0x00000000080005b8                SystemClock_Config
 .text.Error_Handler
                0x0000000008000688        0xa ./Core/Src/main.o
                0x0000000008000688                Error_Handler
 *fill*         0x0000000008000692        0x2 
 .text.MX_SPI1_Init
                0x0000000008000694       0x6c ./Core/Src/spi.o
                0x0000000008000694                MX_SPI1_Init
 .text.HAL_SPI_MspInit
                0x0000000008000700       0x90 ./Core/Src/spi.o
                0x0000000008000700                HAL_SPI_MspInit
 .text.ST7735_SetAddressWindow
                0x0000000008000790       0x70 ./Core/Src/st7735.o
 .text.ST7735_Init
                0x0000000008000800       0x50 ./Core/Src/st7735.o
                0x0000000008000800                ST7735_Init
 .text.cmd1     0x0000000008000850      0x22a ./Core/Src/st7735.o
                0x0000000008000850                cmd1
 .text.ST7735_Init_Command2
                0x0000000008000a7a       0x44 ./Core/Src/st7735.o
                0x0000000008000a7a                ST7735_Init_Command2
 .text.ST7735_Init_Command3
                0x0000000008000abe       0xec ./Core/Src/st7735.o
                0x0000000008000abe                ST7735_Init_Command3
 *fill*         0x0000000008000baa        0x2 
 .text.ST7735_DrawPixel
                0x0000000008000bac       0x80 ./Core/Src/st7735.o
                0x0000000008000bac                ST7735_DrawPixel
 .text.ST7735_FillRectangle
                0x0000000008000c2c       0xec ./Core/Src/st7735.o
                0x0000000008000c2c                ST7735_FillRectangle
 .text.ST7735_FillScreen
                0x0000000008000d18       0x22 ./Core/Src/st7735.o
                0x0000000008000d18                ST7735_FillScreen
 *fill*         0x0000000008000d3a        0x2 
 .text.lcd7735_sendCmd
                0x0000000008000d3c       0x2c ./Core/Src/st7735.o
                0x0000000008000d3c                lcd7735_sendCmd
 .text.lcd7735_sendData
                0x0000000008000d68       0x2c ./Core/Src/st7735.o
                0x0000000008000d68                lcd7735_sendData
 .text.lcd7735_senddata
                0x0000000008000d94       0x24 ./Core/Src/st7735.o
                0x0000000008000d94                lcd7735_senddata
 .text.ST7735_WriteString
                0x0000000008000db8       0x94 ./Core/Src/st7735.o
                0x0000000008000db8                ST7735_WriteString
 .text.ST7735_WriteCharS
                0x0000000008000e4c      0x1cc ./Core/Src/st7735.o
                0x0000000008000e4c                ST7735_WriteCharS
 .text.HAL_MspInit
                0x0000000008001018       0x50 ./Core/Src/stm32f4xx_hal_msp.o
                0x0000000008001018                HAL_MspInit
 .text.NMI_Handler
                0x0000000008001068        0x6 ./Core/Src/stm32f4xx_it.o
                0x0000000008001068                NMI_Handler
 .text.HardFault_Handler
                0x000000000800106e        0x6 ./Core/Src/stm32f4xx_it.o
                0x000000000800106e                HardFault_Handler
 .text.MemManage_Handler
                0x0000000008001074        0x6 ./Core/Src/stm32f4xx_it.o
                0x0000000008001074                MemManage_Handler
 .text.BusFault_Handler
                0x000000000800107a        0x6 ./Core/Src/stm32f4xx_it.o
                0x000000000800107a                BusFault_Handler
 .text.UsageFault_Handler
                0x0000000008001080        0x6 ./Core/Src/stm32f4xx_it.o
                0x0000000008001080                UsageFault_Handler
 .text.SVC_Handler
                0x0000000008001086        0xe ./Core/Src/stm32f4xx_it.o
                0x0000000008001086                SVC_Handler
 .text.DebugMon_Handler
                0x0000000008001094        0xe ./Core/Src/stm32f4xx_it.o
                0x0000000008001094                DebugMon_Handler
 .text.PendSV_Handler
                0x00000000080010a2        0xe ./Core/Src/stm32f4xx_it.o
                0x00000000080010a2                PendSV_Handler
 .text.SysTick_Handler
                0x00000000080010b0        0xc ./Core/Src/stm32f4xx_it.o
                0x00000000080010b0                SysTick_Handler
 .text.SystemInit
                0x00000000080010bc       0x24 ./Core/Src/system_stm32f4xx.o
                0x00000000080010bc                SystemInit
 .text.Reset_Handler
                0x00000000080010e0       0x50 ./Core/Startup/startup_stm32f411vetx.o
                0x00000000080010e0                Reset_Handler
 .text.Default_Handler
                0x0000000008001130        0x2 ./Core/Startup/startup_stm32f411vetx.o
                0x0000000008001130                RTC_Alarm_IRQHandler
                0x0000000008001130                EXTI2_IRQHandler
                0x0000000008001130                SPI4_IRQHandler
                0x0000000008001130                TIM1_CC_IRQHandler
                0x0000000008001130                DMA2_Stream5_IRQHandler
                0x0000000008001130                DMA1_Stream5_IRQHandler
                0x0000000008001130                PVD_IRQHandler
                0x0000000008001130                SDIO_IRQHandler
                0x0000000008001130                TAMP_STAMP_IRQHandler
                0x0000000008001130                EXTI3_IRQHandler
                0x0000000008001130                TIM1_UP_TIM10_IRQHandler
                0x0000000008001130                I2C3_ER_IRQHandler
                0x0000000008001130                EXTI0_IRQHandler
                0x0000000008001130                I2C2_EV_IRQHandler
                0x0000000008001130                DMA1_Stream2_IRQHandler
                0x0000000008001130                FPU_IRQHandler
                0x0000000008001130                DMA2_Stream2_IRQHandler
                0x0000000008001130                SPI1_IRQHandler
                0x0000000008001130                TIM1_BRK_TIM9_IRQHandler
                0x0000000008001130                DMA2_Stream3_IRQHandler
                0x0000000008001130                USART6_IRQHandler
                0x0000000008001130                DMA2_Stream0_IRQHandler
                0x0000000008001130                TIM4_IRQHandler
                0x0000000008001130                I2C1_EV_IRQHandler
                0x0000000008001130                DMA1_Stream6_IRQHandler
                0x0000000008001130                DMA1_Stream1_IRQHandler
                0x0000000008001130                TIM3_IRQHandler
                0x0000000008001130                RCC_IRQHandler
                0x0000000008001130                Default_Handler
                0x0000000008001130                EXTI15_10_IRQHandler
                0x0000000008001130                ADC_IRQHandler
                0x0000000008001130                DMA1_Stream7_IRQHandler
                0x0000000008001130                SPI5_IRQHandler
                0x0000000008001130                TIM5_IRQHandler
                0x0000000008001130                DMA2_Stream7_IRQHandler
                0x0000000008001130                I2C3_EV_IRQHandler
                0x0000000008001130                EXTI9_5_IRQHandler
                0x0000000008001130                RTC_WKUP_IRQHandler
                0x0000000008001130                SPI2_IRQHandler
                0x0000000008001130                DMA1_Stream0_IRQHandler
                0x0000000008001130                EXTI4_IRQHandler
                0x0000000008001130                WWDG_IRQHandler
                0x0000000008001130                TIM2_IRQHandler
                0x0000000008001130                OTG_FS_WKUP_IRQHandler
                0x0000000008001130                TIM1_TRG_COM_TIM11_IRQHandler
                0x0000000008001130                EXTI1_IRQHandler
                0x0000000008001130                USART2_IRQHandler
                0x0000000008001130                I2C2_ER_IRQHandler
                0x0000000008001130                DMA2_Stream1_IRQHandler
                0x0000000008001130                FLASH_IRQHandler
                0x0000000008001130                DMA2_Stream4_IRQHandler
                0x0000000008001130                USART1_IRQHandler
                0x0000000008001130                OTG_FS_IRQHandler
                0x0000000008001130                SPI3_IRQHandler
                0x0000000008001130                DMA1_Stream4_IRQHandler
                0x0000000008001130                I2C1_ER_IRQHandler
                0x0000000008001130                DMA2_Stream6_IRQHandler
                0x0000000008001130                DMA1_Stream3_IRQHandler
 *fill*         0x0000000008001132        0x2 
 .text.HAL_Init
                0x0000000008001134       0x44 ./Drivers/STM32F4xx_HAL_Driver/Src/stm32f4xx_hal.o
                0x0000000008001134                HAL_Init
 .text.HAL_InitTick
                0x0000000008001178       0x60 ./Drivers/STM32F4xx_HAL_Driver/Src/stm32f4xx_hal.o
                0x0000000008001178                HAL_InitTick
 .text.HAL_IncTick
                0x00000000080011d8       0x28 ./Drivers/STM32F4xx_HAL_Driver/Src/stm32f4xx_hal.o
                0x00000000080011d8                HAL_IncTick
 .text.HAL_GetTick
                0x0000000008001200       0x18 ./Drivers/STM32F4xx_HAL_Driver/Src/stm32f4xx_hal.o
                0x0000000008001200                HAL_GetTick
 .text.HAL_Delay
                0x0000000008001218       0x48 ./Drivers/STM32F4xx_HAL_Driver/Src/stm32f4xx_hal.o
                0x0000000008001218                HAL_Delay
 .text.__NVIC_SetPriorityGrouping
                0x0000000008001260       0x48 ./Drivers/STM32F4xx_HAL_Driver/Src/stm32f4xx_hal_cortex.o
 .text.__NVIC_GetPriorityGrouping
                0x00000000080012a8       0x1c ./Drivers/STM32F4xx_HAL_Driver/Src/stm32f4xx_hal_cortex.o
 .text.__NVIC_SetPriority
                0x00000000080012c4       0x54 ./Drivers/STM32F4xx_HAL_Driver/Src/stm32f4xx_hal_cortex.o
 .text.NVIC_EncodePriority
                0x0000000008001318       0x66 ./Drivers/STM32F4xx_HAL_Driver/Src/stm32f4xx_hal_cortex.o
 *fill*         0x000000000800137e        0x2 
 .text.SysTick_Config
                0x0000000008001380       0x44 ./Drivers/STM32F4xx_HAL_Driver/Src/stm32f4xx_hal_cortex.o
 .text.HAL_NVIC_SetPriorityGrouping
                0x00000000080013c4       0x16 ./Drivers/STM32F4xx_HAL_Driver/Src/stm32f4xx_hal_cortex.o
                0x00000000080013c4                HAL_NVIC_SetPriorityGrouping
 .text.HAL_NVIC_SetPriority
                0x00000000080013da       0x38 ./Drivers/STM32F4xx_HAL_Driver/Src/stm32f4xx_hal_cortex.o
                0x00000000080013da                HAL_NVIC_SetPriority
 .text.HAL_SYSTICK_Config
                0x0000000008001412       0x18 ./Drivers/STM32F4xx_HAL_Driver/Src/stm32f4xx_hal_cortex.o
                0x0000000008001412                HAL_SYSTICK_Config
 *fill*         0x000000000800142a        0x2 
 .text.HAL_GPIO_Init
                0x000000000800142c      0x308 ./Drivers/STM32F4xx_HAL_Driver/Src/stm32f4xx_hal_gpio.o
                0x000000000800142c                HAL_GPIO_Init
 .text.HAL_GPIO_WritePin
                0x0000000008001734       0x32 ./Drivers/STM32F4xx_HAL_Driver/Src/stm32f4xx_hal_gpio.o
                0x0000000008001734                HAL_GPIO_WritePin
 *fill*         0x0000000008001766        0x2 
 .text.HAL_RCC_OscConfig
                0x0000000008001768      0x4f0 ./Drivers/STM32F4xx_HAL_Driver/Src/stm32f4xx_hal_rcc.o
                0x0000000008001768                HAL_RCC_OscConfig
 .text.HAL_RCC_ClockConfig
                0x0000000008001c58      0x1cc ./Drivers/STM32F4xx_HAL_Driver/Src/stm32f4xx_hal_rcc.o
                0x0000000008001c58                HAL_RCC_ClockConfig
 .text.HAL_RCC_GetSysClockFreq
                0x0000000008001e24      0x20c ./Drivers/STM32F4xx_HAL_Driver/Src/stm32f4xx_hal_rcc.o
                0x0000000008001e24                HAL_RCC_GetSysClockFreq
 .text.HAL_SPI_Init
                0x0000000008002030      0x112 ./Drivers/STM32F4xx_HAL_Driver/Src/stm32f4xx_hal_spi.o
                0x0000000008002030                HAL_SPI_Init
 .text.HAL_SPI_Transmit
                0x0000000008002142      0x278 ./Drivers/STM32F4xx_HAL_Driver/Src/stm32f4xx_hal_spi.o
                0x0000000008002142                HAL_SPI_Transmit
 *fill*         0x00000000080023ba        0x2 
 .text.SPI_WaitFlagStateUntilTimeout
                0x00000000080023bc      0x110 ./Drivers/STM32F4xx_HAL_Driver/Src/stm32f4xx_hal_spi.o
 .text.SPI_EndRxTxTransaction
                0x00000000080024cc       0x84 ./Drivers/STM32F4xx_HAL_Driver/Src/stm32f4xx_hal_spi.o
 .text.__libc_init_array
                0x0000000008002550       0x48 c:/st/stm32cubeide_1.10.1/stm32cubeide/plugins/com.st.stm32cube.ide.mcu.externaltools.gnu-tools-for-stm32.10.3-2021.10.win32_1.0.0.202111181127/tools/bin/../lib/gcc/arm-none-eabi/10.3.1/../../../../arm-none-eabi/lib/thumb/v7e-m+fp/hard\libc_nano.a(lib_a-init.o)
                0x0000000008002550                __libc_init_array
 .text.memset   0x0000000008002598       0x10 c:/st/stm32cubeide_1.10.1/stm32cubeide/plugins/com.st.stm32cube.ide.mcu.externaltools.gnu-tools-for-stm32.10.3-2021.10.win32_1.0.0.202111181127/tools/bin/../lib/gcc/arm-none-eabi/10.3.1/../../../../arm-none-eabi/lib/thumb/v7e-m+fp/hard\libc_nano.a(lib_a-memset.o)
                0x0000000008002598                memset
 *(.glue_7)
 .glue_7        0x00000000080025a8        0x0 linker stubs
 *(.glue_7t)
 .glue_7t       0x00000000080025a8        0x0 linker stubs
 *(.eh_frame)
 .eh_frame      0x00000000080025a8        0x0 c:/st/stm32cubeide_1.10.1/stm32cubeide/plugins/com.st.stm32cube.ide.mcu.externaltools.gnu-tools-for-stm32.10.3-2021.10.win32_1.0.0.202111181127/tools/bin/../lib/gcc/arm-none-eabi/10.3.1/thumb/v7e-m+fp/hard/crtbegin.o
 *(.init)
 .init          0x00000000080025a8        0x4 c:/st/stm32cubeide_1.10.1/stm32cubeide/plugins/com.st.stm32cube.ide.mcu.externaltools.gnu-tools-for-stm32.10.3-2021.10.win32_1.0.0.202111181127/tools/bin/../lib/gcc/arm-none-eabi/10.3.1/thumb/v7e-m+fp/hard/crti.o
                0x00000000080025a8                _init
 .init          0x00000000080025ac        0x8 c:/st/stm32cubeide_1.10.1/stm32cubeide/plugins/com.st.stm32cube.ide.mcu.externaltools.gnu-tools-for-stm32.10.3-2021.10.win32_1.0.0.202111181127/tools/bin/../lib/gcc/arm-none-eabi/10.3.1/thumb/v7e-m+fp/hard/crtn.o
 *(.fini)
 .fini          0x00000000080025b4        0x4 c:/st/stm32cubeide_1.10.1/stm32cubeide/plugins/com.st.stm32cube.ide.mcu.externaltools.gnu-tools-for-stm32.10.3-2021.10.win32_1.0.0.202111181127/tools/bin/../lib/gcc/arm-none-eabi/10.3.1/thumb/v7e-m+fp/hard/crti.o
                0x00000000080025b4                _fini
 .fini          0x00000000080025b8        0x8 c:/st/stm32cubeide_1.10.1/stm32cubeide/plugins/com.st.stm32cube.ide.mcu.externaltools.gnu-tools-for-stm32.10.3-2021.10.win32_1.0.0.202111181127/tools/bin/../lib/gcc/arm-none-eabi/10.3.1/thumb/v7e-m+fp/hard/crtn.o
                0x00000000080025c0                . = ALIGN (0x4)
                0x00000000080025c0                _etext = .

.vfp11_veneer   0x00000000080025c0        0x0
 .vfp11_veneer  0x00000000080025c0        0x0 linker stubs

.v4_bx          0x00000000080025c0        0x0
 .v4_bx         0x00000000080025c0        0x0 linker stubs

.iplt           0x00000000080025c0        0x0
 .iplt          0x00000000080025c0        0x0 c:/st/stm32cubeide_1.10.1/stm32cubeide/plugins/com.st.stm32cube.ide.mcu.externaltools.gnu-tools-for-stm32.10.3-2021.10.win32_1.0.0.202111181127/tools/bin/../lib/gcc/arm-none-eabi/10.3.1/thumb/v7e-m+fp/hard/crtbegin.o

.rodata         0x00000000080025c0     0x1424
                0x00000000080025c0                . = ALIGN (0x4)
 *(.rodata)
 .rodata        0x00000000080025c0        0x8 ./Core/Src/main.o
 *(.rodata*)
 .rodata.consolas_7ptBitmaps
                0x00000000080025c8      0x357 ./Core/Src/fonts.o
 *fill*         0x000000000800291f        0x1 
 .rodata.georgia_12ptBitmaps
                0x0000000008002920     0x10b3 ./Core/Src/fonts.o
 *fill*         0x00000000080039d3        0x1 
 .rodata.AHBPrescTable
                0x00000000080039d4       0x10 ./Core/Src/system_stm32f4xx.o
                0x00000000080039d4                AHBPrescTable
                0x00000000080039e4                . = ALIGN (0x4)

.ARM.extab      0x00000000080039e4        0x0
                0x00000000080039e4                . = ALIGN (0x4)
 *(.ARM.extab* .gnu.linkonce.armextab.*)
                0x00000000080039e4                . = ALIGN (0x4)

.ARM            0x00000000080039e4        0x8
                0x00000000080039e4                . = ALIGN (0x4)
                0x00000000080039e4                __exidx_start = .
 *(.ARM.exidx*)
 .ARM.exidx     0x00000000080039e4        0x8 c:/st/stm32cubeide_1.10.1/stm32cubeide/plugins/com.st.stm32cube.ide.mcu.externaltools.gnu-tools-for-stm32.10.3-2021.10.win32_1.0.0.202111181127/tools/bin/../lib/gcc/arm-none-eabi/10.3.1/thumb/v7e-m+fp/hard\libgcc.a(_udivmoddi4.o)
                0x00000000080039ec                __exidx_end = .
                0x00000000080039ec                . = ALIGN (0x4)

.rel.dyn        0x00000000080039ec        0x0
 .rel.iplt      0x00000000080039ec        0x0 c:/st/stm32cubeide_1.10.1/stm32cubeide/plugins/com.st.stm32cube.ide.mcu.externaltools.gnu-tools-for-stm32.10.3-2021.10.win32_1.0.0.202111181127/tools/bin/../lib/gcc/arm-none-eabi/10.3.1/thumb/v7e-m+fp/hard/crtbegin.o

.preinit_array  0x00000000080039ec        0x0
                0x00000000080039ec                . = ALIGN (0x4)
                0x00000000080039ec                PROVIDE (__preinit_array_start = .)
 *(.preinit_array*)
                0x00000000080039ec                PROVIDE (__preinit_array_end = .)
                0x00000000080039ec                . = ALIGN (0x4)

.init_array     0x00000000080039ec        0x4
                0x00000000080039ec                . = ALIGN (0x4)
                0x00000000080039ec                PROVIDE (__init_array_start = .)
 *(SORT_BY_NAME(.init_array.*))
 *(.init_array*)
 .init_array    0x00000000080039ec        0x4 c:/st/stm32cubeide_1.10.1/stm32cubeide/plugins/com.st.stm32cube.ide.mcu.externaltools.gnu-tools-for-stm32.10.3-2021.10.win32_1.0.0.202111181127/tools/bin/../lib/gcc/arm-none-eabi/10.3.1/thumb/v7e-m+fp/hard/crtbegin.o
                0x00000000080039f0                PROVIDE (__init_array_end = .)
                0x00000000080039f0                . = ALIGN (0x4)

.fini_array     0x00000000080039f0        0x4
                0x00000000080039f0                . = ALIGN (0x4)
                [!provide]                        PROVIDE (__fini_array_start = .)
 *(SORT_BY_NAME(.fini_array.*))
 *(.fini_array*)
 .fini_array    0x00000000080039f0        0x4 c:/st/stm32cubeide_1.10.1/stm32cubeide/plugins/com.st.stm32cube.ide.mcu.externaltools.gnu-tools-for-stm32.10.3-2021.10.win32_1.0.0.202111181127/tools/bin/../lib/gcc/arm-none-eabi/10.3.1/thumb/v7e-m+fp/hard/crtbegin.o
                [!provide]                        PROVIDE (__fini_array_end = .)
                0x00000000080039f4                . = ALIGN (0x4)
                0x00000000080039f4                _sidata = LOADADDR (.data)

.data           0x0000000020000000       0x1c load address 0x00000000080039f4
                0x0000000020000000                . = ALIGN (0x4)
                0x0000000020000000                _sdata = .
 *(.data)
 *(.data*)
 .data.Font_8x9
                0x0000000020000000        0x8 ./Core/Src/fonts.o
                0x0000000020000000                Font_8x9
 .data.Font_24x15
                0x0000000020000008        0x8 ./Core/Src/fonts.o
                0x0000000020000008                Font_24x15
 .data.SystemCoreClock
                0x0000000020000010        0x4 ./Core/Src/system_stm32f4xx.o
                0x0000000020000010                SystemCoreClock
 .data.uwTickPrio
                0x0000000020000014        0x4 ./Drivers/STM32F4xx_HAL_Driver/Src/stm32f4xx_hal.o
                0x0000000020000014                uwTickPrio
 .data.uwTickFreq
                0x0000000020000018        0x1 ./Drivers/STM32F4xx_HAL_Driver/Src/stm32f4xx_hal.o
                0x0000000020000018                uwTickFreq
 *(.RamFunc)
 *(.RamFunc*)
                0x000000002000001c                . = ALIGN (0x4)
 *fill*         0x0000000020000019        0x3 
                0x000000002000001c                _edata = .

.igot.plt       0x000000002000001c        0x0 load address 0x0000000008003a10
 .igot.plt      0x000000002000001c        0x0 c:/st/stm32cubeide_1.10.1/stm32cubeide/plugins/com.st.stm32cube.ide.mcu.externaltools.gnu-tools-for-stm32.10.3-2021.10.win32_1.0.0.202111181127/tools/bin/../lib/gcc/arm-none-eabi/10.3.1/thumb/v7e-m+fp/hard/crtbegin.o
                0x000000002000001c                . = ALIGN (0x4)

.bss            0x000000002000001c       0x78 load address 0x0000000008003a10
                0x000000002000001c                _sbss = .
                0x000000002000001c                __bss_start__ = _sbss
 *(.bss)
 .bss           0x000000002000001c       0x1c c:/st/stm32cubeide_1.10.1/stm32cubeide/plugins/com.st.stm32cube.ide.mcu.externaltools.gnu-tools-for-stm32.10.3-2021.10.win32_1.0.0.202111181127/tools/bin/../lib/gcc/arm-none-eabi/10.3.1/thumb/v7e-m+fp/hard/crtbegin.o
 *(.bss*)
 .bss.hspi1     0x0000000020000038       0x58 ./Core/Src/spi.o
                0x0000000020000038                hspi1
 .bss.uwTick    0x0000000020000090        0x4 ./Drivers/STM32F4xx_HAL_Driver/Src/stm32f4xx_hal.o
                0x0000000020000090                uwTick
 *(COMMON)
                0x0000000020000094                . = ALIGN (0x4)
                0x0000000020000094                _ebss = .
                0x0000000020000094                __bss_end__ = _ebss

._user_heap_stack
                0x0000000020000094      0x604 load address 0x0000000008003a10
                0x0000000020000098                . = ALIGN (0x8)
 *fill*         0x0000000020000094        0x4 
                [!provide]                        PROVIDE (end = .)
                0x0000000020000098                PROVIDE (_end = .)
                0x0000000020000298                . = (. + _Min_Heap_Size)
 *fill*         0x0000000020000098      0x200 
                0x0000000020000698                . = (. + _Min_Stack_Size)
 *fill*         0x0000000020000298      0x400 
                0x0000000020000698                . = ALIGN (0x8)

/DISCARD/
 libc.a(*)
 libm.a(*)
 libgcc.a(*)

.ARM.attributes
                0x0000000000000000       0x30
 *(.ARM.attributes)
 .ARM.attributes
                0x0000000000000000       0x1e c:/st/stm32cubeide_1.10.1/stm32cubeide/plugins/com.st.stm32cube.ide.mcu.externaltools.gnu-tools-for-stm32.10.3-2021.10.win32_1.0.0.202111181127/tools/bin/../lib/gcc/arm-none-eabi/10.3.1/thumb/v7e-m+fp/hard/crti.o
 .ARM.attributes
                0x000000000000001e       0x34 c:/st/stm32cubeide_1.10.1/stm32cubeide/plugins/com.st.stm32cube.ide.mcu.externaltools.gnu-tools-for-stm32.10.3-2021.10.win32_1.0.0.202111181127/tools/bin/../lib/gcc/arm-none-eabi/10.3.1/thumb/v7e-m+fp/hard/crtbegin.o
 .ARM.attributes
                0x0000000000000052       0x34 ./Core/Src/fonts.o
 .ARM.attributes
                0x0000000000000086       0x34 ./Core/Src/gpio.o
 .ARM.attributes
                0x00000000000000ba       0x34 ./Core/Src/main.o
 .ARM.attributes
                0x00000000000000ee       0x34 ./Core/Src/spi.o
 .ARM.attributes
                0x0000000000000122       0x34 ./Core/Src/st7735.o
 .ARM.attributes
                0x0000000000000156       0x34 ./Core/Src/stm32f4xx_hal_msp.o
 .ARM.attributes
                0x000000000000018a       0x34 ./Core/Src/stm32f4xx_it.o
 .ARM.attributes
                0x00000000000001be       0x34 ./Core/Src/system_stm32f4xx.o
 .ARM.attributes
                0x00000000000001f2       0x21 ./Core/Startup/startup_stm32f411vetx.o
 .ARM.attributes
                0x0000000000000213       0x34 ./Drivers/STM32F4xx_HAL_Driver/Src/stm32f4xx_hal.o
 .ARM.attributes
                0x0000000000000247       0x34 ./Drivers/STM32F4xx_HAL_Driver/Src/stm32f4xx_hal_cortex.o
 .ARM.attributes
                0x000000000000027b       0x34 ./Drivers/STM32F4xx_HAL_Driver/Src/stm32f4xx_hal_gpio.o
 .ARM.attributes
                0x00000000000002af       0x34 ./Drivers/STM32F4xx_HAL_Driver/Src/stm32f4xx_hal_rcc.o
 .ARM.attributes
                0x00000000000002e3       0x34 ./Drivers/STM32F4xx_HAL_Driver/Src/stm32f4xx_hal_spi.o
 .ARM.attributes
                0x0000000000000317       0x34 c:/st/stm32cubeide_1.10.1/stm32cubeide/plugins/com.st.stm32cube.ide.mcu.externaltools.gnu-tools-for-stm32.10.3-2021.10.win32_1.0.0.202111181127/tools/bin/../lib/gcc/arm-none-eabi/10.3.1/../../../../arm-none-eabi/lib/thumb/v7e-m+fp/hard\libc_nano.a(lib_a-init.o)
 .ARM.attributes
                0x000000000000034b       0x34 c:/st/stm32cubeide_1.10.1/stm32cubeide/plugins/com.st.stm32cube.ide.mcu.externaltools.gnu-tools-for-stm32.10.3-2021.10.win32_1.0.0.202111181127/tools/bin/../lib/gcc/arm-none-eabi/10.3.1/../../../../arm-none-eabi/lib/thumb/v7e-m+fp/hard\libc_nano.a(lib_a-memset.o)
 .ARM.attributes
                0x000000000000037f       0x1e c:/st/stm32cubeide_1.10.1/stm32cubeide/plugins/com.st.stm32cube.ide.mcu.externaltools.gnu-tools-for-stm32.10.3-2021.10.win32_1.0.0.202111181127/tools/bin/../lib/gcc/arm-none-eabi/10.3.1/thumb/v7e-m+fp/hard\libgcc.a(_aeabi_uldivmod.o)
 .ARM.attributes
                0x000000000000039d       0x34 c:/st/stm32cubeide_1.10.1/stm32cubeide/plugins/com.st.stm32cube.ide.mcu.externaltools.gnu-tools-for-stm32.10.3-2021.10.win32_1.0.0.202111181127/tools/bin/../lib/gcc/arm-none-eabi/10.3.1/thumb/v7e-m+fp/hard\libgcc.a(_udivmoddi4.o)
 .ARM.attributes
                0x00000000000003d1       0x1e c:/st/stm32cubeide_1.10.1/stm32cubeide/plugins/com.st.stm32cube.ide.mcu.externaltools.gnu-tools-for-stm32.10.3-2021.10.win32_1.0.0.202111181127/tools/bin/../lib/gcc/arm-none-eabi/10.3.1/thumb/v7e-m+fp/hard\libgcc.a(_dvmd_tls.o)
 .ARM.attributes
                0x00000000000003ef       0x1e c:/st/stm32cubeide_1.10.1/stm32cubeide/plugins/com.st.stm32cube.ide.mcu.externaltools.gnu-tools-for-stm32.10.3-2021.10.win32_1.0.0.202111181127/tools/bin/../lib/gcc/arm-none-eabi/10.3.1/thumb/v7e-m+fp/hard/crtn.o
OUTPUT(2_TFT_LCD_st7735.elf elf32-littlearm)
LOAD linker stubs
LOAD c:/st/stm32cubeide_1.10.1/stm32cubeide/plugins/com.st.stm32cube.ide.mcu.externaltools.gnu-tools-for-stm32.10.3-2021.10.win32_1.0.0.202111181127/tools/bin/../lib/gcc/arm-none-eabi/10.3.1/../../../../arm-none-eabi/lib/thumb/v7e-m+fp/hard\libc.a
LOAD c:/st/stm32cubeide_1.10.1/stm32cubeide/plugins/com.st.stm32cube.ide.mcu.externaltools.gnu-tools-for-stm32.10.3-2021.10.win32_1.0.0.202111181127/tools/bin/../lib/gcc/arm-none-eabi/10.3.1/../../../../arm-none-eabi/lib/thumb/v7e-m+fp/hard\libm.a
LOAD c:/st/stm32cubeide_1.10.1/stm32cubeide/plugins/com.st.stm32cube.ide.mcu.externaltools.gnu-tools-for-stm32.10.3-2021.10.win32_1.0.0.202111181127/tools/bin/../lib/gcc/arm-none-eabi/10.3.1/thumb/v7e-m+fp/hard\libgcc.a

.debug_info     0x0000000000000000     0x6fbb
 .debug_info    0x0000000000000000      0x15c ./Core/Src/fonts.o
 .debug_info    0x000000000000015c      0x446 ./Core/Src/gpio.o
 .debug_info    0x00000000000005a2      0x728 ./Core/Src/main.o
 .debug_info    0x0000000000000cca      0xa0f ./Core/Src/spi.o
 .debug_info    0x00000000000016d9     0x1066 ./Core/Src/st7735.o
 .debug_info    0x000000000000273f      0x2e7 ./Core/Src/stm32f4xx_hal_msp.o
 .debug_info    0x0000000000002a26      0x121 ./Core/Src/stm32f4xx_it.o
 .debug_info    0x0000000000002b47      0x54f ./Core/Src/system_stm32f4xx.o
 .debug_info    0x0000000000003096       0x22 ./Core/Startup/startup_stm32f411vetx.o
 .debug_info    0x00000000000030b8      0x90d ./Drivers/STM32F4xx_HAL_Driver/Src/stm32f4xx_hal.o
 .debug_info    0x00000000000039c5      0xd8b ./Drivers/STM32F4xx_HAL_Driver/Src/stm32f4xx_hal_cortex.o
 .debug_info    0x0000000000004750      0x78e ./Drivers/STM32F4xx_HAL_Driver/Src/stm32f4xx_hal_gpio.o
 .debug_info    0x0000000000004ede      0x98d ./Drivers/STM32F4xx_HAL_Driver/Src/stm32f4xx_hal_rcc.o
 .debug_info    0x000000000000586b     0x1750 ./Drivers/STM32F4xx_HAL_Driver/Src/stm32f4xx_hal_spi.o

.debug_abbrev   0x0000000000000000     0x177a
 .debug_abbrev  0x0000000000000000       0xbe ./Core/Src/fonts.o
 .debug_abbrev  0x00000000000000be      0x13b ./Core/Src/gpio.o
 .debug_abbrev  0x00000000000001f9      0x22c ./Core/Src/main.o
 .debug_abbrev  0x0000000000000425      0x1e0 ./Core/Src/spi.o
 .debug_abbrev  0x0000000000000605      0x2b9 ./Core/Src/st7735.o
 .debug_abbrev  0x00000000000008be       0xf0 ./Core/Src/stm32f4xx_hal_msp.o
 .debug_abbrev  0x00000000000009ae       0x74 ./Core/Src/stm32f4xx_it.o
 .debug_abbrev  0x0000000000000a22      0x116 ./Core/Src/system_stm32f4xx.o
 .debug_abbrev  0x0000000000000b38       0x12 ./Core/Startup/startup_stm32f411vetx.o
 .debug_abbrev  0x0000000000000b4a      0x23e ./Drivers/STM32F4xx_HAL_Driver/Src/stm32f4xx_hal.o
 .debug_abbrev  0x0000000000000d88      0x316 ./Drivers/STM32F4xx_HAL_Driver/Src/stm32f4xx_hal_cortex.o
 .debug_abbrev  0x000000000000109e      0x1c4 ./Drivers/STM32F4xx_HAL_Driver/Src/stm32f4xx_hal_gpio.o
 .debug_abbrev  0x0000000000001262      0x2aa ./Drivers/STM32F4xx_HAL_Driver/Src/stm32f4xx_hal_rcc.o
 .debug_abbrev  0x000000000000150c      0x26e ./Drivers/STM32F4xx_HAL_Driver/Src/stm32f4xx_hal_spi.o

.debug_aranges  0x0000000000000000      0x6f8
 .debug_aranges
                0x0000000000000000       0x18 ./Core/Src/fonts.o
 .debug_aranges
                0x0000000000000018       0x20 ./Core/Src/gpio.o
 .debug_aranges
                0x0000000000000038       0x30 ./Core/Src/main.o
 .debug_aranges
                0x0000000000000068       0x30 ./Core/Src/spi.o
 .debug_aranges
                0x0000000000000098       0xd8 ./Core/Src/st7735.o
 .debug_aranges
                0x0000000000000170       0x20 ./Core/Src/stm32f4xx_hal_msp.o
 .debug_aranges
                0x0000000000000190       0x60 ./Core/Src/stm32f4xx_it.o
 .debug_aranges
                0x00000000000001f0       0x28 ./Core/Src/system_stm32f4xx.o
 .debug_aranges
                0x0000000000000218       0x28 ./Core/Startup/startup_stm32f411vetx.o
 .debug_aranges
                0x0000000000000240       0xf0 ./Drivers/STM32F4xx_HAL_Driver/Src/stm32f4xx_hal.o
 .debug_aranges
                0x0000000000000330      0x118 ./Drivers/STM32F4xx_HAL_Driver/Src/stm32f4xx_hal_cortex.o
 .debug_aranges
                0x0000000000000448       0x58 ./Drivers/STM32F4xx_HAL_Driver/Src/stm32f4xx_hal_gpio.o
 .debug_aranges
                0x00000000000004a0       0x88 ./Drivers/STM32F4xx_HAL_Driver/Src/stm32f4xx_hal_rcc.o
 .debug_aranges
                0x0000000000000528      0x1d0 ./Drivers/STM32F4xx_HAL_Driver/Src/stm32f4xx_hal_spi.o

.debug_macro    0x0000000000000000    0x1504e
 .debug_macro   0x0000000000000000       0x6d ./Core/Src/fonts.o
 .debug_macro   0x000000000000006d      0xa78 ./Core/Src/fonts.o
 .debug_macro   0x0000000000000ae5       0x22 ./Core/Src/fonts.o
 .debug_macro   0x0000000000000b07       0x8e ./Core/Src/fonts.o
 .debug_macro   0x0000000000000b95       0x51 ./Core/Src/fonts.o
 .debug_macro   0x0000000000000be6      0x103 ./Core/Src/fonts.o
 .debug_macro   0x0000000000000ce9       0x6a ./Core/Src/fonts.o
 .debug_macro   0x0000000000000d53      0x1df ./Core/Src/fonts.o
 .debug_macro   0x0000000000000f32      0x1d3 ./Core/Src/gpio.o
 .debug_macro   0x0000000000001105      0x295 ./Core/Src/gpio.o
 .debug_macro   0x000000000000139a       0x2e ./Core/Src/gpio.o
 .debug_macro   0x00000000000013c8       0x28 ./Core/Src/gpio.o
 .debug_macro   0x00000000000013f0       0x1c ./Core/Src/gpio.o
 .debug_macro   0x000000000000140c       0x22 ./Core/Src/gpio.o
 .debug_macro   0x000000000000142e       0xd9 ./Core/Src/gpio.o
 .debug_macro   0x0000000000001507     0x102d ./Core/Src/gpio.o
 .debug_macro   0x0000000000002534      0x11f ./Core/Src/gpio.o
 .debug_macro   0x0000000000002653     0xb953 ./Core/Src/gpio.o
 .debug_macro   0x000000000000dfa6       0x6d ./Core/Src/gpio.o
 .debug_macro   0x000000000000e013     0x367e ./Core/Src/gpio.o
 .debug_macro   0x0000000000011691      0x174 ./Core/Src/gpio.o
 .debug_macro   0x0000000000011805       0x5c ./Core/Src/gpio.o
 .debug_macro   0x0000000000011861      0x447 ./Core/Src/gpio.o
 .debug_macro   0x0000000000011ca8      0x9fe ./Core/Src/gpio.o
 .debug_macro   0x00000000000126a6      0x115 ./Core/Src/gpio.o
 .debug_macro   0x00000000000127bb      0x11b ./Core/Src/gpio.o
 .debug_macro   0x00000000000128d6       0xa5 ./Core/Src/gpio.o
 .debug_macro   0x000000000001297b      0x15f ./Core/Src/gpio.o
 .debug_macro   0x0000000000012ada      0x287 ./Core/Src/gpio.o
 .debug_macro   0x0000000000012d61       0x5f ./Core/Src/gpio.o
 .debug_macro   0x0000000000012dc0      0x236 ./Core/Src/gpio.o
 .debug_macro   0x0000000000012ff6      0x132 ./Core/Src/gpio.o
 .debug_macro   0x0000000000013128      0x264 ./Core/Src/gpio.o
 .debug_macro   0x000000000001338c       0x2e ./Core/Src/gpio.o
 .debug_macro   0x00000000000133ba      0x11a ./Core/Src/gpio.o
 .debug_macro   0x00000000000134d4       0x85 ./Core/Src/gpio.o
 .debug_macro   0x0000000000013559       0x89 ./Core/Src/gpio.o
 .debug_macro   0x00000000000135e2      0x225 ./Core/Src/gpio.o
 .debug_macro   0x0000000000013807      0x126 ./Core/Src/gpio.o
 .debug_macro   0x000000000001392d       0x28 ./Core/Src/gpio.o
 .debug_macro   0x0000000000013955      0x219 ./Core/Src/main.o
 .debug_macro   0x0000000000013b6e       0x22 ./Core/Src/main.o
 .debug_macro   0x0000000000013b90      0x22d ./Core/Src/main.o
 .debug_macro   0x0000000000013dbd      0x1d3 ./Core/Src/spi.o
 .debug_macro   0x0000000000013f90      0x1ff ./Core/Src/st7735.o
 .debug_macro   0x000000000001418f       0x2e ./Core/Src/st7735.o
 .debug_macro   0x00000000000141bd      0x1c9 ./Core/Src/stm32f4xx_hal_msp.o
 .debug_macro   0x0000000000014386      0x1d3 ./Core/Src/stm32f4xx_it.o
 .debug_macro   0x0000000000014559      0x1ba ./Core/Src/system_stm32f4xx.o
 .debug_macro   0x0000000000014713      0x21a ./Drivers/STM32F4xx_HAL_Driver/Src/stm32f4xx_hal.o
 .debug_macro   0x000000000001492d      0x1ba ./Drivers/STM32F4xx_HAL_Driver/Src/stm32f4xx_hal_cortex.o
 .debug_macro   0x0000000000014ae7      0x1c0 ./Drivers/STM32F4xx_HAL_Driver/Src/stm32f4xx_hal_gpio.o
 .debug_macro   0x0000000000014ca7      0x1de ./Drivers/STM32F4xx_HAL_Driver/Src/stm32f4xx_hal_rcc.o
 .debug_macro   0x0000000000014e85      0x1c9 ./Drivers/STM32F4xx_HAL_Driver/Src/stm32f4xx_hal_spi.o

.debug_line     0x0000000000000000     0x8494
 .debug_line    0x0000000000000000      0x373 ./Core/Src/fonts.o
 .debug_line    0x0000000000000373      0x696 ./Core/Src/gpio.o
 .debug_line    0x0000000000000a09      0x74a ./Core/Src/main.o
 .debug_line    0x0000000000001153      0x6fb ./Core/Src/spi.o
 .debug_line    0x000000000000184e      0xdbb ./Core/Src/st7735.o
 .debug_line    0x0000000000002609      0x68a ./Core/Src/stm32f4xx_hal_msp.o
 .debug_line    0x0000000000002c93      0x74c ./Core/Src/stm32f4xx_it.o
 .debug_line    0x00000000000033df      0x70b ./Core/Src/system_stm32f4xx.o
 .debug_line    0x0000000000003aea       0x88 ./Core/Startup/startup_stm32f411vetx.o
 .debug_line    0x0000000000003b72      0x971 ./Drivers/STM32F4xx_HAL_Driver/Src/stm32f4xx_hal.o
 .debug_line    0x00000000000044e3      0xc20 ./Drivers/STM32F4xx_HAL_Driver/Src/stm32f4xx_hal_cortex.o
 .debug_line    0x0000000000005103      0xaa9 ./Drivers/STM32F4xx_HAL_Driver/Src/stm32f4xx_hal_gpio.o
 .debug_line    0x0000000000005bac      0xced ./Drivers/STM32F4xx_HAL_Driver/Src/stm32f4xx_hal_rcc.o
 .debug_line    0x0000000000006899     0x1bfb ./Drivers/STM32F4xx_HAL_Driver/Src/stm32f4xx_hal_spi.o

.debug_str      0x0000000000000000    0x81b4a
 .debug_str     0x0000000000000000     0x3b0e ./Core/Src/fonts.o
                                       0x3c76 (size before relaxing)
 .debug_str     0x0000000000003b0e    0x7b596 ./Core/Src/gpio.o
                                      0x7f294 (size before relaxing)
 .debug_str     0x000000000007f0a4      0xc00 ./Core/Src/main.o
                                      0x7fe2b (size before relaxing)
 .debug_str     0x000000000007fca4      0x42d ./Core/Src/spi.o
                                      0x7f720 (size before relaxing)
 .debug_str     0x00000000000800d1      0x291 ./Core/Src/st7735.o
                                      0x80281 (size before relaxing)
 .debug_str     0x0000000000080362       0x49 ./Core/Src/stm32f4xx_hal_msp.o
                                      0x7f1e6 (size before relaxing)
 .debug_str     0x00000000000803ab       0xc9 ./Core/Src/stm32f4xx_it.o
                                      0x7f13d (size before relaxing)
 .debug_str     0x0000000000080474       0xdb ./Core/Src/system_stm32f4xx.o
                                      0x7f1ed (size before relaxing)
 .debug_str     0x000000000008054f       0x36 ./Core/Startup/startup_stm32f411vetx.o
                                         0x7c (size before relaxing)
 .debug_str     0x0000000000080585      0x991 ./Drivers/STM32F4xx_HAL_Driver/Src/stm32f4xx_hal.o
                                      0x7fc19 (size before relaxing)
 .debug_str     0x0000000000080f16      0x34a ./Drivers/STM32F4xx_HAL_Driver/Src/stm32f4xx_hal_cortex.o
                                      0x7f93a (size before relaxing)
 .debug_str     0x0000000000081260      0x121 ./Drivers/STM32F4xx_HAL_Driver/Src/stm32f4xx_hal_gpio.o
                                      0x7f368 (size before relaxing)
 .debug_str     0x0000000000081381      0x233 ./Drivers/STM32F4xx_HAL_Driver/Src/stm32f4xx_hal_rcc.o
                                      0x7f621 (size before relaxing)
 .debug_str     0x00000000000815b4      0x596 ./Drivers/STM32F4xx_HAL_Driver/Src/stm32f4xx_hal_spi.o
                                      0x7fa9f (size before relaxing)

.comment        0x0000000000000000       0x50
 .comment       0x0000000000000000       0x50 ./Core/Src/fonts.o
                                         0x51 (size before relaxing)
 .comment       0x0000000000000050       0x51 ./Core/Src/gpio.o
 .comment       0x0000000000000050       0x51 ./Core/Src/main.o
 .comment       0x0000000000000050       0x51 ./Core/Src/spi.o
 .comment       0x0000000000000050       0x51 ./Core/Src/st7735.o
 .comment       0x0000000000000050       0x51 ./Core/Src/stm32f4xx_hal_msp.o
 .comment       0x0000000000000050       0x51 ./Core/Src/stm32f4xx_it.o
 .comment       0x0000000000000050       0x51 ./Core/Src/system_stm32f4xx.o
 .comment       0x0000000000000050       0x51 ./Drivers/STM32F4xx_HAL_Driver/Src/stm32f4xx_hal.o
 .comment       0x0000000000000050       0x51 ./Drivers/STM32F4xx_HAL_Driver/Src/stm32f4xx_hal_cortex.o
 .comment       0x0000000000000050       0x51 ./Drivers/STM32F4xx_HAL_Driver/Src/stm32f4xx_hal_gpio.o
 .comment       0x0000000000000050       0x51 ./Drivers/STM32F4xx_HAL_Driver/Src/stm32f4xx_hal_rcc.o
 .comment       0x0000000000000050       0x51 ./Drivers/STM32F4xx_HAL_Driver/Src/stm32f4xx_hal_spi.o

.debug_ranges   0x0000000000000000      0x618
 .debug_ranges  0x0000000000000000       0x10 ./Core/Src/gpio.o
 .debug_ranges  0x0000000000000010       0x20 ./Core/Src/main.o
 .debug_ranges  0x0000000000000030       0x20 ./Core/Src/spi.o
 .debug_ranges  0x0000000000000050       0xc8 ./Core/Src/st7735.o
 .debug_ranges  0x0000000000000118       0x10 ./Core/Src/stm32f4xx_hal_msp.o
 .debug_ranges  0x0000000000000128       0x50 ./Core/Src/stm32f4xx_it.o
 .debug_ranges  0x0000000000000178       0x18 ./Core/Src/system_stm32f4xx.o
 .debug_ranges  0x0000000000000190       0x20 ./Core/Startup/startup_stm32f411vetx.o
 .debug_ranges  0x00000000000001b0       0xe0 ./Drivers/STM32F4xx_HAL_Driver/Src/stm32f4xx_hal.o
 .debug_ranges  0x0000000000000290      0x108 ./Drivers/STM32F4xx_HAL_Driver/Src/stm32f4xx_hal_cortex.o
 .debug_ranges  0x0000000000000398       0x48 ./Drivers/STM32F4xx_HAL_Driver/Src/stm32f4xx_hal_gpio.o
 .debug_ranges  0x00000000000003e0       0x78 ./Drivers/STM32F4xx_HAL_Driver/Src/stm32f4xx_hal_rcc.o
 .debug_ranges  0x0000000000000458      0x1c0 ./Drivers/STM32F4xx_HAL_Driver/Src/stm32f4xx_hal_spi.o

.debug_frame    0x0000000000000000     0x1a34
 .debug_frame   0x0000000000000000       0x34 ./Core/Src/gpio.o
 .debug_frame   0x0000000000000034       0x6c ./Core/Src/main.o
 .debug_frame   0x00000000000000a0       0x74 ./Core/Src/spi.o
 .debug_frame   0x0000000000000114      0x374 ./Core/Src/st7735.o
 .debug_frame   0x0000000000000488       0x34 ./Core/Src/stm32f4xx_hal_msp.o
 .debug_frame   0x00000000000004bc      0x104 ./Core/Src/stm32f4xx_it.o
 .debug_frame   0x00000000000005c0       0x58 ./Core/Src/system_stm32f4xx.o
 .debug_frame   0x0000000000000618      0x374 ./Drivers/STM32F4xx_HAL_Driver/Src/stm32f4xx_hal.o
 .debug_frame   0x000000000000098c      0x498 ./Drivers/STM32F4xx_HAL_Driver/Src/stm32f4xx_hal_cortex.o
 .debug_frame   0x0000000000000e24      0x14c ./Drivers/STM32F4xx_HAL_Driver/Src/stm32f4xx_hal_gpio.o
 .debug_frame   0x0000000000000f70      0x1f4 ./Drivers/STM32F4xx_HAL_Driver/Src/stm32f4xx_hal_rcc.o
 .debug_frame   0x0000000000001164      0x824 ./Drivers/STM32F4xx_HAL_Driver/Src/stm32f4xx_hal_spi.o
 .debug_frame   0x0000000000001988       0x2c c:/st/stm32cubeide_1.10.1/stm32cubeide/plugins/com.st.stm32cube.ide.mcu.externaltools.gnu-tools-for-stm32.10.3-2021.10.win32_1.0.0.202111181127/tools/bin/../lib/gcc/arm-none-eabi/10.3.1/../../../../arm-none-eabi/lib/thumb/v7e-m+fp/hard\libc_nano.a(lib_a-init.o)
 .debug_frame   0x00000000000019b4       0x20 c:/st/stm32cubeide_1.10.1/stm32cubeide/plugins/com.st.stm32cube.ide.mcu.externaltools.gnu-tools-for-stm32.10.3-2021.10.win32_1.0.0.202111181127/tools/bin/../lib/gcc/arm-none-eabi/10.3.1/../../../../arm-none-eabi/lib/thumb/v7e-m+fp/hard\libc_nano.a(lib_a-memset.o)
 .debug_frame   0x00000000000019d4       0x2c c:/st/stm32cubeide_1.10.1/stm32cubeide/plugins/com.st.stm32cube.ide.mcu.externaltools.gnu-tools-for-stm32.10.3-2021.10.win32_1.0.0.202111181127/tools/bin/../lib/gcc/arm-none-eabi/10.3.1/thumb/v7e-m+fp/hard\libgcc.a(_aeabi_uldivmod.o)
 .debug_frame   0x0000000000001a00       0x34 c:/st/stm32cubeide_1.10.1/stm32cubeide/plugins/com.st.stm32cube.ide.mcu.externaltools.gnu-tools-for-stm32.10.3-2021.10.win32_1.0.0.202111181127/tools/bin/../lib/gcc/arm-none-eabi/10.3.1/thumb/v7e-m+fp/hard\libgcc.a(_udivmoddi4.o)
