../Core/Src/st7735.c:12:13:ST7735_SetAddressWindow	24	static
../Core/Src/st7735.c:28:6:ST7735_Init	8	static
../Core/Src/st7735.c:52:6:ST7735_Init_Command1	8	static
../Core/Src/st7735.c:98:6:cmd1	8	static
../Core/Src/st7735.c:196:6:ST7735_Init_Command2	8	static
../Core/Src/st7735.c:209:6:ST7735_Init_Command3	8	static
../Core/Src/st7735.c:250:6:ST7735_PlotPoint	16	static
../Core/Src/st7735.c:264:6:ST7735_PlotIncrement	8	static
../Core/Src/st7735.c:272:6:ST7735_DrawPixel	24	static
../Core/Src/st7735.c:289:10:ST7735_DrawString	48	static
../Core/Src/st7735.c:305:6:ST7735_DrawCharS	48	static
../Core/Src/st7735.c:340:6:ST7735_Drawaxes	48	static
../Core/Src/st7735.c:387:6:ST7735_DrawFastHLine	32	static
../Core/Src/st7735.c:407:6:ST7735_DrawFastVLine	32	static
../Core/Src/st7735.c:427:6:ST7735_FillRectangle	24	static
../Core/Src/st7735.c:451:6:ST7735_FillScreen	24	static
../Core/Src/st7735.c:456:6:ST7735_DrawImage	32	static
../Core/Src/st7735.c:520:6:ST7735_InvertColors	16	static
../Core/Src/st7735.c:530:6:lcd7735_sendCmd	16	static
../Core/Src/st7735.c:535:6:lcd7735_sendData	16	static
../Core/Src/st7735.c:540:6:lcd7735_senddata	16	static
../Core/Src/st7735.c:546:6:set_rotation	8	static
../Core/Src/st7735.c:557:10:ST7735_WriteString	40	static
../Core/Src/st7735.c:574:6:ST7735_WriteCharS	64	static
